Fra:0 Mem:843.09M (Peak 938.02M) | Time:00:08.01 | Mem:71.75M, Peak:222.05M | Scene, ViewLayer | Finished
Fra:20 Mem:872.31M (Peak 1091.94M) | Time:00:01.85 | Mem:71.75M, Peak:222.05M | Scene, ViewLayer | Finished
Fra:40 Mem:901.51M (Peak 1121.14M) | Time:00:01.75 | Mem:71.75M, Peak:71.75M | Scene, ViewLayer | Finished
Fra:60 Mem:930.72M (Peak 1150.34M) | Time:00:01.71 | Mem:71.75M, Peak:71.75M | Scene, ViewLayer | Finished
Fra:80 Mem:959.92M (Peak 1179.55M) | Time:00:01.88 | Mem:71.75M, Peak:71.75M | Scene, ViewLayer | Finished
Fra:100 Mem:989.12M (Peak 1208.75M) | Time:00:01.95 | Mem:71.75M, Peak:71.75M | Scene, ViewLayer | Finished
Fra:120 Mem:1018.33M (Peak 1237.95M) | Time:00:01.94 | Mem:71.75M, Peak:71.75M | Scene, ViewLayer | Finished
Fra:140 Mem:1047.53M (Peak 1267.16M) | Time:00:02.38 | Mem:71.75M, Peak:71.75M | Scene, ViewLayer | Finished
Fra:160 Mem:1076.73M (Peak 1296.36M) | Time:00:03.37 | Mem:71.75M, Peak:71.75M | Scene, ViewLayer | Finished
Fra:180 Mem:1105.93M (Peak 1325.56M) | Time:00:02.96 | Mem:71.75M, Peak:71.75M | Scene, ViewLayer | Finished
Fra:200 Mem:1135.14M (Peak 1354.76M) | Time:00:03.17 | Mem:71.75M, Peak:71.75M | Scene, ViewLayer | Finished
Fra:220 Mem:1167.49M (Peak 1387.10M) | Time:00:02.93 | Mem:71.77M, Peak:71.77M | Scene, ViewLayer | Finished
Fra:240 Mem:1209.20M (Peak 1428.82M) | Time:00:02.59 | Mem:71.77M, Peak:71.77M | Scene, ViewLayer | Finished
Fra:260 Mem:1250.92M (Peak 1470.53M) | Time:00:02.12 | Mem:71.77M, Peak:71.77M | Scene, ViewLayer | Finished
Fra:280 Mem:1291.16M (Peak 1512.26M) | Time:00:01.60 | Mem:70.29M, Peak:70.29M | Scene, ViewLayer | Finished
ANIM DONE
GRADED SEQ 0 288
total 4552
drwxr-xr-x 1 kvsd1 197609       0 Oct  5 04:31 .
drwxr-xr-x 1 kvsd1 197609       0 Oct  5 04:30 ..
-rw-r--r-- 1 kvsd1 197609    1348 Oct  5 04:31 encode.log
-rw-r--r-- 1 kvsd1 197609    6437 Oct  5 04:31 hero-data.json
-rw-r--r-- 1 kvsd1 197609   57231 Oct  5 04:31 hero-poster.jpg
-rw-r--r-- 1 kvsd1 197609 4537986 Oct  5 04:31 hero-scrub.mp4
-rw-r--r-- 1 kvsd1 197609   44413 Oct  5 04:31 hero-still.jpg
